0 verbose cli /usr/bin/node /usr/lib/node_modules/npm/bin/npm-cli.js
1 info using npm@10.8.2
2 info using node@v20.20.2
3 silly config load:file:/usr/lib/node_modules/npm/npmrc
4 silly config load:file:/home/user/.npmrc
5 silly config load:file:/usr/etc/npmrc
6 verbose title npm exec prettier --write docs/17_Smart_Screening.md docs/04_Database_Design.md docs/05_API_Specification.md docs/02_User_Flows.md docs/06_UI_UX_Guidelines.md docs/10_AI_Architecture.md docs/12_Deployment_Guide.md docs/13_Testing_Strategy.md docs/15_Project_Roadmap.md CHANGELOG.md
7 verbose argv "exec" "--" "prettier" "--write" "docs/17_Smart_Screening.md" "docs/04_Database_Design.md" "docs/05_API_Specification.md" "docs/02_User_Flows.md" "docs/06_UI_UX_Guidelines.md" "docs/10_AI_Architecture.md" "docs/12_Deployment_Guide.md" "docs/13_Testing_Strategy.md" "docs/15_Project_Roadmap.md" "CHANGELOG.md"
8 verbose logfile logs-max:10 dir:/home/user/.npm/_logs/2026-08-09T00_25_32_076Z-
9 verbose logfile /home/user/.npm/_logs/2026-08-09T00_25_32_076Z-debug-0.log
10 silly logfile done cleaning log files
11 silly packumentCache heap:998768640 maxSize:249692160 maxEntrySize:124846080
12 http fetch GET 200 https://registry.npmjs.org/prettier 97ms (cache miss)
13 silly packumentCache heap:998768640 maxSize:249692160 maxEntrySize:124846080
14 http fetch GET 200 https://registry.npmjs.org/npm 197ms
15 silly packumentCache heap:998768640 maxSize:249692160 maxEntrySize:124846080
16 warn exec The following package was not found and will be installed: prettier@3.9.6
17 silly idealTree buildDeps
18 silly fetch manifest prettier@3.9.6
19 silly packumentCache full:https://registry.npmjs.org/prettier cache-miss
20 http fetch GET 200 https://registry.npmjs.org/prettier 55ms (cache miss)
21 silly packumentCache full:https://registry.npmjs.org/prettier set size:undefined disposed:false
22 silly placeDep ROOT prettier@3.9.6 OK for:  want: 3.9.6
23 silly reify moves {}
24 silly audit bulk request { prettier: [ '3.9.6' ] }
25 silly tarball no local data for prettier@https://registry.npmjs.org/prettier/-/prettier-3.9.6.tgz. Extracting by manifest.
26 http fetch POST 200 https://registry.npmjs.org/-/npm/v1/security/advisories/bulk 52ms
27 silly audit report {}
28 http fetch GET 200 https://registry.npmjs.org/prettier/-/prettier-3.9.6.tgz 193ms (cache miss)
29 verbose cwd /home/user
30 verbose os Linux 6.1.158+
31 verbose node v20.20.2
32 verbose npm  v10.8.2
33 notice
33 notice New major version of npm available! 10.8.2 -> 12.0.2
33 notice Changelog: https://github.com/npm/cli/releases/tag/v12.0.2
33 notice To update run: npm install -g npm@12.0.2
33 notice  { force: true, [Symbol(proc-log.meta)]: true }
34 verbose exit 0
35 info ok
